I'm sorry, but errors were detected in your script. Please correct the
errors listed below, and try again.


File "game/rhythm_game.rpy", line 776: The if statement is not a valid child of the frame statement.
    background g.lane_colors[spark["lane"]] if spark["type"] == "PERFECT" else "#ffffff"
                                              ^

Ren'Py Version: Ren'Py 8.5.2.26010301
Wed Mar 11 14:48:21 2026
